     1                                  ; a program to add three numbers using loop
     2                                  [org 0x0100]
     3                                  
     4                                      ;initialize stuff
     5 00000000 B80000                      mov ax, 0       ;reset the accumlator
     6 00000003 B90A00                      mov cx, 10       ;set the counter
     7 00000006 BB0000                      mov bx, 0     ;set the base address
     8                                  
     9                                      outerloop:
    10 00000009 0387[1F00]                      add ax, [num + bx]
    11 0000000D 81C30200                        add bx, 2
    12                                  
    13 00000011 81E90100                        sub cx, 1   ;decrement in cx
    14 00000015 75F2                            jnz outerloop   ;jump to outerloop if not zero (if flag not set to zero)
    15                                      
    16 00000017 A3[2500]                    mov [result], ax
    17                                  
    18 0000001A B8004C                      mov  ax, 0x4c00
    19 0000001D CD21                        int  0x21
    20                                  
    21 0000001F 05000A000F00            num: dw  5, 10, 15
    22 00000025 0000                    result: dw 0 
