     1                                  ; a program to add three numbers using loop
     2                                  [org 0x0100]
     3                                  
     4                                      ;initialize stuff
     5 00000000 B80000                      mov ax, 0       ;reset the accumlator
     6 00000003 BB0000                      mov bx, 0     ;set the counter
     7                                  
     8                                      outerloop:
     9 00000006 0387[1C00]                      add ax, [num + bx]
    10 0000000A 81C30200                        add bx, 2
    11                                  
    12 0000000E 81FB1400                        cmp bx, 20      ;sets zf=0 when equal
    13 00000012 75F2                            jne outerloop   ;jump to outerloop
    14                                      
    15 00000014 A3[3000]                    mov [result], ax
    16                                  
    17 00000017 B8004C                      mov  ax, 0x4c00
    18 0000001A CD21                        int  0x21
    19                                  
    20 0000001C 0A0014001E00280032-     num: dw  10, 20, 30, 40, 50, 60, 70, 80, 90, 100
    21 00000025 003C00460050005A00-
    22 0000002E 6400               
    23 00000030 0000                    result: dw 0 
